
Merging object attributes


Discarded input sections

 .comment       0x00000000      0x150 obj/MINTI.o
 .note.GNU-stack
                0x00000000        0x0 obj/MINTI.o
 .init.weak_crt
                0x00000000       0x10 obj/MINTI.o
 .text          0x00000000        0x0 obj/crt0.o
 .data          0x00000000        0x0 obj/crt0.o
 .bss           0x00000000        0x0 obj/crt0.o

Memory Configuration

Name             Origin             Length             Attributes
prgm             0x00d1a87f         0x00400000
bss              0x00d052c6         0x0000ed12
*default*        0x00000000         0xffffffff

Linker script and memory map

                0x00d1a87f                        LOAD_ADDR = 0xd1a87f
                0x00d052c6                        BSSHEAP_LOW = 0xd052c6
                0x00d13fd8                        BSSHEAP_HIGH = 0xd13fd8
                0x00d1a87e                        STACK_HIGH = 0xd1a87e
                0x00000001                        __TICE__ = 0x1
                0x00d1a87f                        . = LOAD_ADDR

.header         0x00d1a87f       0x4b
 *(.header)
 .header        0x00d1a87f        0x3 obj/crt0.o
 *(.header.icon)
 .header.icon   0x00d1a882       0x48 obj/MINTI.o
                0x00d1a887                ___description

.init           0x00d1a8ca       0x79
 *(.init)
 .init          0x00d1a8ca       0x79 obj/crt0.o
                0x00d1a8ca                __start
                0x00d1a907                ___exithl
                0x00d1a908                _exit.sp

.text           0x00d1a943     0x1306
 *(.text.unlikely .text.*_unlikely .text.unlikely.*)
 *(.text.exit .text.exit.*)
 *(.text.startup .text.startup.*)
 *(.text.hot .text.hot.*)
 *(SORT_BY_NAME(.text.sorted.*))
 *(.text .stub .text.* .gnu.linkonce.t.*)
 .text          0x00d1a943       0x34 obj/MINTI.o
                0x00d1a943                __frameset
                0x00d1a951                __frameset0
                0x00d1a95c                __lor
                0x00d1a960                __ior
 .text._main    0x00d1a977       0x21 obj/MINTI.o
                0x00d1a977                _main
 .text._generate_moves
                0x00d1a998      0xdef obj/MINTI.o
                0x00d1a998                _generate_moves
 .text._generate_bishop_captures_at
                0x00d1b787      0x14c obj/MINTI.o
 .text._generate_rook_captures_at
                0x00d1b8d3      0x144 obj/MINTI.o
 .text._generate_bishop_moves_at
                0x00d1ba17      0x124 obj/MINTI.o
 .text._generate_rook_moves_at
                0x00d1bb3b      0x10e obj/MINTI.o
 *(.gnu.warning)

.rodata         0x00d1bc49       0x4c
 *(.rodata .rodata.* .gnu.linkonce.r.*)
 .rodata._generate_moves
                0x00d1bc49       0x48 obj/MINTI.o
 .rodata._w_pawn_capture_offsets
                0x00d1bc91        0x2 obj/MINTI.o
 .rodata._b_pawn_capture_offsets
                0x00d1bc93        0x2 obj/MINTI.o

.init_array     0x00d1bc95        0x0
                [!provide]                        PROVIDE (__init_array_start = .)
 *(.preinit_array)
 *(SORT_BY_INIT_PRIORITY(.init_array.*))
 *(.init_array)
                [!provide]                        PROVIDE (__init_array_end = .)

.fini_array     0x00d1bc95        0x0
                [!provide]                        PROVIDE (__fini_array_start = .)
 *(SORT_BY_INIT_PRIORITY(.fini_array.*))
 *(.fini_array)
                [!provide]                        PROVIDE (__fini_array_end = .)
                0x00d1bc95                        ___data_low = .

.data           0x00d1bc95        0x0
 *(.data .data.* .gnu.linkonce.d.*)
 *(.data1)
                0x00d1bc95                        ___runprgm_reloc_start = .
 *(.runprgm.reloc)
                0x00d1bc95                        ___runprgm_reloc_end = .
                0x00d1bc95                        ___data_high = .
                0x00000000                        ___data_len = (___data_high - ___data_low)
                0x00d052c6                        . = BSSHEAP_LOW
                0x00d052c6                        ___bss_low = .

.bss            0x00d052c6     0x18cb
 *(.dynbss)
 *(.bss .bss.* .gnu.linkonce.b.*)
 .bss._state    0x00d052c6       0xcb obj/MINTI.o
                0x00d052c6                _state
 .bss._move_pool
                0x00d05391     0x1800 obj/MINTI.o
                0x00d05391                _move_pool
 *(COMMON)
                0x00d06b91                        ___bss_high = .
                0x000018cb                        ___bss_len = (___bss_high - ___bss_low)
                0x00000001                        ASSERT ((. <= BSSHEAP_HIGH), Error: BSS exceed BSSHEAP_HIGH limit)
                0x00d06b91                        ___heap_low = .
                0x00d13fd8                        . = BSSHEAP_HIGH
                0x00d13fd8                        ___heap_high = .

.runprgm
 *(.runprgm.reloc)

.debug_info
 *(.debug_info .debug_info.*)

.debug_abbrev
 *(.debug_abbrev .debug_abbrev.*)

.debug_line
 *(.debug_line .debug_line.*)

.debug_line_str
 *(.debug_line_str .debug_line_str.*)

.debug_str
 *(.debug_str .debug_str.*)

.debug_str_offsets
 *(.debug_str_offsets .debug_str_offsets.*)

.debug_addr
 *(.debug_addr .debug_addr.*)

.debug_aranges
 *(.debug_aranges .debug_aranges.*)

.debug_ranges
 *(.debug_ranges .debug_ranges.*)

.debug_rnglists
 *(.debug_rnglists .debug_rnglists.*)

.debug_loc
 *(.debug_loc .debug_loc.*)

.debug_loclists
 *(.debug_loclists .debug_loclists.*)

.debug_frame
 *(.debug_frame .debug_frame.*)

.debug_macro
 *(.debug_macro .debug_macro.*)

.debug_macinfo
 *(.debug_macinfo .debug_macinfo.*)

.debug_names
 *(.debug_names .debug_names.*)

.debug_pubnames
 *(.debug_pubnames .debug_pubnames.*)

.debug_pubtypes
 *(.debug_pubtypes .debug_pubtypes.*)

.debug_types
 *(.debug_types .debug_types.*)

.debug_sup
 *(.debug_sup .debug_sup.*)

.debug_cu_index
 *(.debug_cu_index .debug_cu_index.*)

.debug_tu_index
 *(.debug_tu_index .debug_tu_index.*)

.gdb_index
 *(.gdb_index)

.debug_gdb_scripts
 *(.debug_gdb_scripts)

.debug_abbrev.dwo
 *(.debug_abbrev.dwo .debug_abbrev.dwo.*)

.debug_info.dwo
 *(.debug_info.dwo .debug_info.dwo.*)

.debug_line.dwo
 *(.debug_line.dwo .debug_line.dwo.*)

.debug_loclists.dwo
 *(.debug_loclists.dwo .debug_loclists.dwo.*)

.debug_macro.dwo
 *(.debug_macro.dwo .debug_macro.dwo.*)

.debug_rnglists.dwo
 *(.debug_rnglists.dwo .debug_rnglists.dwo.*)

.debug_str.dwo
 *(.debug_str.dwo .debug_str.dwo.*)

.debug_str_offsets.dwo
 *(.debug_str_offsets.dwo .debug_str_offsets.dwo.*)

.eh_frame
 *(.eh_frame)

.eh_frame_hdr
 *(.eh_frame_hdr)

/DISCARD/
 *(.comment)
 *(.note*)
                [!provide]                        PROVIDE (___runprgm_reloc_len = (___runprgm_reloc_end - ___runprgm_reloc_start))
LOAD obj/MINTI.o
LOAD obj/crt0.o
START GROUP
LOAD /Users/jaden/CEdev/lib/libc/allocator_standard.a
LOAD /Users/jaden/CEdev/lib/crt/libcrt.a
LOAD /Users/jaden/CEdev/lib/ce/libce.a
LOAD /Users/jaden/CEdev/lib/softfloat/libsoftfloat.a
LOAD /Users/jaden/CEdev/lib/libc/libc_os.a
LOAD /Users/jaden/CEdev/lib/libcxx/libcxx.a
END GROUP
OUTPUT(bin/MINTI.obj elf32-z80)
