
Merging object attributes


Discarded input sections

 .comment       0x00000000       0x70 obj/MINTI.o
 .note.GNU-stack
                0x00000000        0x0 obj/MINTI.o
 .init.weak_crt
                0x00000000       0x10 obj/MINTI.o
 .text          0x00000000        0x0 obj/crt0.o
 .data          0x00000000        0x0 obj/crt0.o
 .bss           0x00000000        0x0 obj/crt0.o

Memory Configuration

Name             Origin             Length             Attributes
prgm             0x00d1a87f         0x00400000
bss              0x00d052c6         0x0000ed12
*default*        0x00000000         0xffffffff

Linker script and memory map

                0x00d1a87f                        LOAD_ADDR = 0xd1a87f
                0x00d052c6                        BSSHEAP_LOW = 0xd052c6
                0x00d13fd8                        BSSHEAP_HIGH = 0xd13fd8
                0x00d1a87e                        STACK_HIGH = 0xd1a87e
                0x00000001                        __TICE__ = 0x1
                0x00d1a87f                        . = LOAD_ADDR

.header         0x00d1a87f       0x4b
 *(.header)
 .header        0x00d1a87f        0x3 obj/crt0.o
 *(.header.icon)
 .header.icon   0x00d1a882       0x48 obj/MINTI.o
                0x00d1a887                ___description

.init           0x00d1a8ca       0xe0
 *(.init)
 .init          0x00d1a8ca       0xe0 obj/crt0.o
                0x00d1a8ca                __start
                0x00d1a927                __libload_library_FILEIOC
                0x00d1a931                _ti_PutC
                0x00d1a96e                ___exithl
                0x00d1a96f                _exit.sp

.text           0x00d1a9aa      0xfd1
 *(.text.unlikely .text.*_unlikely .text.unlikely.*)
 *(.text.exit .text.exit.*)
 *(.text.startup .text.startup.*)
 *(.text.hot .text.hot.*)
 *(SORT_BY_NAME(.text.sorted.*))
 *(.text .stub .text.* .gnu.linkonce.t.*)
 .text          0x00d1a9aa       0x5c obj/MINTI.o
                0x00d1a9aa                __land
                0x00d1a9ae                __iand
                0x00d1a9c5                __sshl
                0x00d1a9c5                __ishl
                0x00d1a9eb                __lor
                0x00d1a9ef                __ior
 .text._main    0x00d1aa06      0x150 obj/MINTI.o
                0x00d1aa06                _main
 .text._generate_pawn_captures
                0x00d1ab56      0x451 obj/MINTI.o
 .text._generate_knight_captures
                0x00d1afa7      0x135 obj/MINTI.o
 .text._generate_bishop_captures
                0x00d1b0dc      0x380 obj/MINTI.o
 .text._generate_rook_captures
                0x00d1b45c      0x380 obj/MINTI.o
 .text._generate_queen_captures
                0x00d1b7dc       0x6a obj/MINTI.o
 .text._generate_king_captures
                0x00d1b846      0x135 obj/MINTI.o
 *(.gnu.warning)

.rodata         0x00d1b97b       0x22
 *(.rodata .rodata.* .gnu.linkonce.r.*)
 .rodata.libload
                0x00d1b97b       0x22 obj/crt0.o

.init_array     0x00d1b99d        0x0
                [!provide]                        PROVIDE (__init_array_start = .)
 *(.preinit_array)
 *(SORT_BY_INIT_PRIORITY(.init_array.*))
 *(.init_array)
                [!provide]                        PROVIDE (__init_array_end = .)

.fini_array     0x00d1b99d        0x0
                [!provide]                        PROVIDE (__fini_array_start = .)
 *(SORT_BY_INIT_PRIORITY(.fini_array.*))
 *(.fini_array)
                [!provide]                        PROVIDE (__fini_array_end = .)
                0x00d1b99d                        ___data_low = .

.data           0x00d1b99d       0x14
 *(.data .data.* .gnu.linkonce.d.*)
 .data._w_pawn_capture_offsets
                0x00d1b99d        0x2 obj/MINTI.o
 .data._b_pawn_capture_offsets
                0x00d1b99f        0x2 obj/MINTI.o
 .data._knight_offsets
                0x00d1b9a1        0x8 obj/MINTI.o
 .data._king_offsets
                0x00d1b9a9        0x8 obj/MINTI.o
 *(.data1)
                0x00d1b9b1                        ___runprgm_reloc_start = .
 *(.runprgm.reloc)
                0x00d1b9b1                        ___runprgm_reloc_end = .
                0x00d1b9b1                        ___data_high = .
                0x00000014                        ___data_len = (___data_high - ___data_low)
                0x00d052c6                        . = BSSHEAP_LOW
                0x00d052c6                        ___bss_low = .

.bss
 *(.dynbss)
 *(.bss .bss.* .gnu.linkonce.b.*)
 *(COMMON)
                0x00d052c6                        ___bss_high = .
                0x00000000                        ___bss_len = (___bss_high - ___bss_low)
                0x00000001                        ASSERT ((. <= BSSHEAP_HIGH), Error: BSS exceed BSSHEAP_HIGH limit)
                0x00d052c6                        ___heap_low = .
                0x00d13fd8                        . = BSSHEAP_HIGH
                0x00d13fd8                        ___heap_high = .

.runprgm
 *(.runprgm.reloc)

.debug_info     0x00000000      0x981
 *(.debug_info .debug_info.*)
 .debug_info    0x00000000      0x981 obj/MINTI.o

.debug_abbrev   0x00000000      0x154
 *(.debug_abbrev .debug_abbrev.*)
 .debug_abbrev  0x00000000      0x154 obj/MINTI.o

.debug_line     0x00000000      0xa06
 *(.debug_line .debug_line.*)
 .debug_line    0x00000000      0xa06 obj/MINTI.o

.debug_line_str
                0x00000000       0x6c
 *(.debug_line_str .debug_line_str.*)
 .debug_line_str
                0x00000000       0x6c obj/MINTI.o

.debug_str      0x00000000      0x33e
 *(.debug_str .debug_str.*)
 .debug_str     0x00000000      0x33e obj/MINTI.o
                                0x363 (size before relaxing)

.debug_str_offsets
                0x00000000       0xf0
 *(.debug_str_offsets .debug_str_offsets.*)
 .debug_str_offsets
                0x00000000       0xf0 obj/MINTI.o

.debug_addr     0x00000000       0xb0
 *(.debug_addr .debug_addr.*)
 .debug_addr    0x00000000       0xb0 obj/MINTI.o

.debug_aranges
 *(.debug_aranges .debug_aranges.*)

.debug_ranges
 *(.debug_ranges .debug_ranges.*)

.debug_rnglists
                0x00000000       0x2c
 *(.debug_rnglists .debug_rnglists.*)
 .debug_rnglists
                0x00000000       0x2c obj/MINTI.o

.debug_loc
 *(.debug_loc .debug_loc.*)

.debug_loclists
 *(.debug_loclists .debug_loclists.*)

.debug_frame
 *(.debug_frame .debug_frame.*)

.debug_macro
 *(.debug_macro .debug_macro.*)

.debug_macinfo
 *(.debug_macinfo .debug_macinfo.*)

.debug_names
 *(.debug_names .debug_names.*)

.debug_pubnames
 *(.debug_pubnames .debug_pubnames.*)

.debug_pubtypes
 *(.debug_pubtypes .debug_pubtypes.*)

.debug_types
 *(.debug_types .debug_types.*)

.debug_sup
 *(.debug_sup .debug_sup.*)

.debug_cu_index
 *(.debug_cu_index .debug_cu_index.*)

.debug_tu_index
 *(.debug_tu_index .debug_tu_index.*)

.gdb_index
 *(.gdb_index)

.debug_gdb_scripts
 *(.debug_gdb_scripts)

.debug_abbrev.dwo
 *(.debug_abbrev.dwo .debug_abbrev.dwo.*)

.debug_info.dwo
 *(.debug_info.dwo .debug_info.dwo.*)

.debug_line.dwo
 *(.debug_line.dwo .debug_line.dwo.*)

.debug_loclists.dwo
 *(.debug_loclists.dwo .debug_loclists.dwo.*)

.debug_macro.dwo
 *(.debug_macro.dwo .debug_macro.dwo.*)

.debug_rnglists.dwo
 *(.debug_rnglists.dwo .debug_rnglists.dwo.*)

.debug_str.dwo
 *(.debug_str.dwo .debug_str.dwo.*)

.debug_str_offsets.dwo
 *(.debug_str_offsets.dwo .debug_str_offsets.dwo.*)

.eh_frame
 *(.eh_frame)

.eh_frame_hdr
 *(.eh_frame_hdr)

/DISCARD/
 *(.comment)
 *(.note*)
                [!provide]                        PROVIDE (___runprgm_reloc_len = (___runprgm_reloc_end - ___runprgm_reloc_start))
LOAD obj/MINTI.o
LOAD obj/crt0.o
START GROUP
LOAD /Users/jaden/CEdev/lib/libc/allocator_standard.a
LOAD /Users/jaden/CEdev/lib/crt/libcrt.a
LOAD /Users/jaden/CEdev/lib/ce/libce.a
LOAD /Users/jaden/CEdev/lib/softfloat/libsoftfloat.a
LOAD /Users/jaden/CEdev/lib/libc/libc_os.a
LOAD /Users/jaden/CEdev/lib/libcxx/libcxx.a
END GROUP
OUTPUT(bin/MINTI.obj elf32-z80)
